------------------------------------------------------------
TimeQuest Timing Analyzer Summary
------------------------------------------------------------

Type  : Slow Model Setup 'VGA|mypll|altpll_component|pll|clk[0]'
Slack : -7.991
TNS   : -53.755

Type  : Slow Model Setup 'CLOCK_50'
Slack : -5.030
TNS   : -252.740

Type  : Slow Model Setup 'KEY[1]'
Slack : -0.968
TNS   : -5.999

Type  : Slow Model Setup 'KEY[0]'
Slack : -0.886
TNS   : -6.997

Type  : Slow Model Setup 'KEY[2]'
Slack : -0.865
TNS   : -5.653

Type  : Slow Model Setup 'KEY[3]'
Slack : -0.863
TNS   : -5.330

Type  : Slow Model Hold 'CLOCK_50'
Slack : -0.385
TNS   : -0.818

Type  : Slow Model Hold 'VGA|mypll|altpll_component|pll|clk[0]'
Slack : 0.512
TNS   : 0.000

Type  : Slow Model Hold 'KEY[3]'
Slack : 0.521
TNS   : 0.000

Type  : Slow Model Hold 'KEY[2]'
Slack : 0.529
TNS   : 0.000

Type  : Slow Model Hold 'KEY[0]'
Slack : 0.540
TNS   : 0.000

Type  : Slow Model Hold 'KEY[1]'
Slack : 0.704
TNS   : 0.000

Type  : Slow Model Minimum Pulse Width 'KEY[0]'
Slack : -1.222
TNS   : -9.222

Type  : Slow Model Minimum Pulse Width 'KEY[1]'
Slack : -1.222
TNS   : -9.222

Type  : Slow Model Minimum Pulse Width 'KEY[2]'
Slack : -1.222
TNS   : -8.222

Type  : Slow Model Minimum Pulse Width 'KEY[3]'
Slack : -1.222
TNS   : -8.222

Type  : Slow Model Minimum Pulse Width 'CLOCK_50'
Slack : 7.620
TNS   : 0.000

Type  : Slow Model Minimum Pulse Width 'VGA|mypll|altpll_component|pll|clk[0]'
Slack : 17.873
TNS   : 0.000

Type  : Fast Model Setup 'VGA|mypll|altpll_component|pll|clk[0]'
Slack : -3.694
TNS   : -24.784

Type  : Fast Model Setup 'CLOCK_50'
Slack : -1.939
TNS   : -93.795

Type  : Fast Model Setup 'KEY[0]'
Slack : -0.390
TNS   : -3.120

Type  : Fast Model Setup 'KEY[2]'
Slack : -0.214
TNS   : -1.498

Type  : Fast Model Setup 'KEY[3]'
Slack : -0.167
TNS   : -1.169

Type  : Fast Model Setup 'KEY[1]'
Slack : -0.138
TNS   : -1.104

Type  : Fast Model Hold 'CLOCK_50'
Slack : -0.728
TNS   : -4.617

Type  : Fast Model Hold 'VGA|mypll|altpll_component|pll|clk[0]'
Slack : 0.235
TNS   : 0.000

Type  : Fast Model Hold 'KEY[3]'
Slack : 0.238
TNS   : 0.000

Type  : Fast Model Hold 'KEY[2]'
Slack : 0.242
TNS   : 0.000

Type  : Fast Model Hold 'KEY[0]'
Slack : 0.250
TNS   : 0.000

Type  : Fast Model Hold 'KEY[1]'
Slack : 0.321
TNS   : 0.000

Type  : Fast Model Minimum Pulse Width 'KEY[0]'
Slack : -1.222
TNS   : -9.222

Type  : Fast Model Minimum Pulse Width 'KEY[1]'
Slack : -1.222
TNS   : -9.222

Type  : Fast Model Minimum Pulse Width 'KEY[2]'
Slack : -1.222
TNS   : -8.222

Type  : Fast Model Minimum Pulse Width 'KEY[3]'
Slack : -1.222
TNS   : -8.222

Type  : Fast Model Minimum Pulse Width 'CLOCK_50'
Slack : 7.620
TNS   : 0.000

Type  : Fast Model Minimum Pulse Width 'VGA|mypll|altpll_component|pll|clk[0]'
Slack : 17.873
TNS   : 0.000

------------------------------------------------------------
